=== Mon Jun 15 07:40:25 PM UTC 2026 renewal run ===
no renewal needed (cert not within 30-day window)
=== Tue Jun 16 03:30:01 AM UTC 2026 renewal run ===
no renewal needed (cert not within 30-day window)
=== Wed Jun 17 03:30:01 AM UTC 2026 renewal run ===
no renewal needed (cert not within 30-day window)
=== Fri Jun 19 03:30:01 AM UTC 2026 renewal run ===
no renewal needed (cert not within 30-day window)
=== Sat Jun 20 03:30:01 AM UTC 2026 renewal run ===
Unable to find image 'certbot/certbot:latest' locally
latest: Pulling from certbot/certbot
da9b55877a14: Pulling fs layer
e1b8ff8281c8: Pulling fs layer
45b61c595c9b: Pulling fs layer
7f79f311caf3: Pulling fs layer
b972acbeb2f8: Pulling fs layer
14ab3da04cdf: Pulling fs layer
5067ea42d32c: Pulling fs layer
bb975258b557: Pulling fs layer
5404ec0dd73e: Pulling fs layer
92dec4634078: Pulling fs layer
da9b55877a14: Download complete
7f79f311caf3: Download complete
b972acbeb2f8: Download complete
5067ea42d32c: Download complete
5404ec0dd73e: Download complete
bb975258b557: Download complete
e1b8ff8281c8: Download complete
45b61c595c9b: Download complete
92dec4634078: Download complete
5404ec0dd73e: Pull complete
da9b55877a14: Pull complete
7f79f311caf3: Pull complete
b972acbeb2f8: Pull complete
5067ea42d32c: Pull complete
bb975258b557: Pull complete
e1b8ff8281c8: Pull complete
45b61c595c9b: Pull complete
14ab3da04cdf: Download complete
92dec4634078: Pull complete
14ab3da04cdf: Pull complete
Digest: sha256:0107d084c225631fc64a8313e19adb07275f7296fde338f7dfa93986c80b2e3e
Status: Downloaded newer image for certbot/certbot:latest
Unable to find image 'alpine:latest' locally
latest: Pulling from library/alpine
56dceff11b33: Download complete
f5124fb579e2: Download complete
Digest: sha256:28bd5fe8b56d1bd048e5babf5b10710ebe0bae67db86916198a6eec434943f8b
Status: Downloaded newer image for alpine:latest
no renewal needed (cert not within 30-day window)
=== Sun Jun 21 03:30:01 AM UTC 2026 renewal run ===
no renewal needed (cert not within 30-day window)
=== Mon Jun 22 03:30:01 AM UTC 2026 renewal run ===
no renewal needed (cert not within 30-day window)
=== Tue Jun 23 03:30:01 AM UTC 2026 renewal run ===
no renewal needed (cert not within 30-day window)
=== Wed Jun 24 03:30:01 AM UTC 2026 renewal run ===
no renewal needed (cert not within 30-day window)
=== Thu Jun 25 03:30:01 AM UTC 2026 renewal run ===
no renewal needed (cert not within 30-day window)
=== Fri Jun 26 03:30:01 AM UTC 2026 renewal run ===
docker: Error response from daemon: failed to set up container networking: driver failed programming external connectivity on endpoint gifted_satoshi (46e33274e170a1933bbf8746ebcafe100f8fbc3f75c39d0c7a92582446ce0202): failed to bind host port 0.0.0.0:80/tcp: address already in use

Run 'docker run --help' for more information
no renewal needed (cert not within 30-day window)
=== Sat Jun 27 03:30:01 AM UTC 2026 renewal run ===
docker: Error response from daemon: failed to set up container networking: driver failed programming external connectivity on endpoint exciting_chandrasekhar (0b280edb8056502c39745cb2143a65c69e87010354b0c0a4bf5571f60646f284): failed to bind host port 0.0.0.0:80/tcp: address already in use

Run 'docker run --help' for more information
no renewal needed (cert not within 30-day window)
=== Sun Jun 28 03:30:01 AM UTC 2026 renewal run ===
docker: Error response from daemon: failed to set up container networking: driver failed programming external connectivity on endpoint goofy_mclaren (0b136c0d51a8d75366a7d3a57055ae80573e7477d98699b305c33ff6a13fc06e): failed to bind host port 0.0.0.0:80/tcp: address already in use

Run 'docker run --help' for more information
no renewal needed (cert not within 30-day window)
=== Mon Jun 29 03:30:01 AM UTC 2026 renewal run ===
docker: Error response from daemon: failed to set up container networking: driver failed programming external connectivity on endpoint hungry_shamir (ac2d8579248545ec23cee2e986a1c168468595cebd8830f2d3d614d2d8793af5): failed to bind host port 0.0.0.0:80/tcp: address already in use

Run 'docker run --help' for more information
no renewal needed (cert not within 30-day window)
=== Tue Jun 30 03:30:01 AM UTC 2026 renewal run ===
docker: Error response from daemon: failed to set up container networking: driver failed programming external connectivity on endpoint beautiful_wright (5253a36c26c43b4919bcfcf7b2d15b743d83a59c4536c508b0bad96ca4114e22): failed to bind host port 0.0.0.0:80/tcp: address already in use

Run 'docker run --help' for more information
no renewal needed (cert not within 30-day window)
=== Wed Jul  1 03:30:01 AM UTC 2026 renewal run ===
docker: Error response from daemon: failed to set up container networking: driver failed programming external connectivity on endpoint confident_goldstine (ba25e301e86de6f0e2604484c473aa87d00b9729ad36e0e7e6419493165eb600): failed to bind host port 0.0.0.0:80/tcp: address already in use

Run 'docker run --help' for more information
no renewal needed (cert not within 30-day window)
=== Thu Jul  2 03:30:01 AM UTC 2026 renewal run ===
docker: Error response from daemon: failed to set up container networking: driver failed programming external connectivity on endpoint sweet_dijkstra (6e07862d578a6a6b900769bc1cc95e15614d48187d676bc0597e314560823102): failed to bind host port 0.0.0.0:80/tcp: address already in use

Run 'docker run --help' for more information
no renewal needed (cert not within 30-day window)
=== Fri Jul  3 03:30:01 AM UTC 2026 renewal run ===
docker: Error response from daemon: failed to set up container networking: driver failed programming external connectivity on endpoint fervent_hawking (cf13c50b9f2ada9d94f01f7df18097466ea5f1a44dddf09e0a353d3a8f439c48): failed to bind host port 0.0.0.0:80/tcp: address already in use

Run 'docker run --help' for more information
no renewal needed (cert not within 30-day window)
=== Sat Jul  4 03:30:01 AM UTC 2026 renewal run ===
docker: Error response from daemon: failed to set up container networking: driver failed programming external connectivity on endpoint silly_lewin (2e308cff7bc4fb99c4e6d5a4657df352c296587206381812078dcd83bcf356c5): failed to bind host port 0.0.0.0:80/tcp: address already in use

Run 'docker run --help' for more information
no renewal needed (cert not within 30-day window)
=== Sun Jul  5 03:30:01 AM UTC 2026 renewal run ===
docker: Error response from daemon: failed to set up container networking: driver failed programming external connectivity on endpoint compassionate_antonelli (22cdbd60fc3e634d547ab89ee4a818a15483341d712ce55f783c3c5410e67949): failed to bind host port 0.0.0.0:80/tcp: address already in use

Run 'docker run --help' for more information
no renewal needed (cert not within 30-day window)
=== Mon Jul  6 03:30:01 AM UTC 2026 renewal run ===
docker: Error response from daemon: failed to set up container networking: driver failed programming external connectivity on endpoint naughty_kepler (df1fb9978c932d94889778f67cbbf5b6fc07c87d2897be0967ea52798b02df69): failed to bind host port 0.0.0.0:80/tcp: address already in use

Run 'docker run --help' for more information
no renewal needed (cert not within 30-day window)
=== Tue Jul  7 03:30:01 AM UTC 2026 renewal run ===
docker: Error response from daemon: failed to set up container networking: driver failed programming external connectivity on endpoint heuristic_babbage (a407bf5d7149c097cf85854130f4c0e6e74f4059b6441dab4d7c325c6effc42b): failed to bind host port 0.0.0.0:80/tcp: address already in use

Run 'docker run --help' for more information
no renewal needed (cert not within 30-day window)
=== Wed Jul  8 03:30:01 AM UTC 2026 renewal run ===
docker: Error response from daemon: failed to set up container networking: driver failed programming external connectivity on endpoint recursing_chaplygin (7f8e78e5b1c38bb56c5ae877a40538cdcace82d9cf1e3815a6349a4e0f49ce8c): failed to bind host port 0.0.0.0:80/tcp: address already in use

Run 'docker run --help' for more information
no renewal needed (cert not within 30-day window)
=== Thu Jul  9 03:30:01 AM UTC 2026 renewal run ===
docker: Error response from daemon: failed to set up container networking: driver failed programming external connectivity on endpoint jolly_zhukovsky (eca22d6044425fde400eb0d17981a3739a2fb14281a680dd600e460de6745c94): failed to bind host port 0.0.0.0:80/tcp: address already in use

Run 'docker run --help' for more information
no renewal needed (cert not within 30-day window)
=== Fri Jul 10 03:30:01 AM UTC 2026 renewal run ===
docker: Error response from daemon: failed to set up container networking: driver failed programming external connectivity on endpoint sleepy_pascal (9f6a043ea3f03ac46881f6ca6e5f33c7216e4300a0d72ca2c7fd0c16cc90f738): failed to bind host port 0.0.0.0:80/tcp: address already in use

Run 'docker run --help' for more information
no renewal needed (cert not within 30-day window)
